// Jest Snapshot v1, https://goo.gl/fbAQLP

exports[`environment > App renders without crashing 1`] = `
<DocumentFragment>
  <div
    class="container"
  >
    <div
      class="ant-card ant-card-bordered css-dev-only-do-not-override-17a39f8"
    >
      <div
        class="ant-card-head"
      >
        <div
          class="ant-card-head-wrapper"
        >
          <div
            class="ant-card-head-title"
          >
            Amazon Prime
          </div>
          <div
            class="ant-card-extra"
          >
            <span
              class="ant-typography sc-bcPKhP gZUPPj css-dev-only-do-not-override-17a39f8"
            >
              9.99$ / month
            </span>
          </div>
        </div>
      </div>
      <div
        class="ant-card-body"
      >
        <div
          class="ant-typography css-dev-only-do-not-override-17a39f8"
        >
          Enjoy unlimited delivery, award-winning video, ad-free music and more
        </div>
        <div
          class="ant-space css-dev-only-do-not-override-17a39f8 ant-space-vertical ant-space-align-end"
          style="display: flex;"
        >
          <div
            class="ant-space-item"
          >
            <button
              class="ant-btn css-dev-only-do-not-override-17a39f8 ant-btn-round ant-btn-primary"
              type="button"
            >
              <span
                class="ant-btn-icon"
              >
                <span
                  aria-label="plus"
                  class="anticon anticon-plus"
                  role="img"
                >
                  <svg
                    aria-hidden="true"
                    data-icon="plus"
                    fill="currentColor"
                    focusable="false"
                    height="1em"
                    viewBox="64 64 896 896"
                    width="1em"
                  >
                    <path
                      d="M482 152h60q8 0 8 8v704q0 8-8 8h-60q-8 0-8-8V160q0-8 8-8z"
                    />
                    <path
                      d="M192 474h672q8 0 8 8v60q0 8-8 8H160q-8 0-8-8v-60q0-8 8-8z"
                    />
                  </svg>
                </span>
              </span>
              <span>
                Add
              </span>
            </button>
          </div>
        </div>
      </div>
    </div>
  </div>
</DocumentFragment>
`;
